../Core/Src/kernel.c:24:6:system_call3	4	static,ignoring_inline_asm
../Core/Src/kernel.c:28:6:system_call4	4	static,ignoring_inline_asm
../Core/Src/kernel.c:33:6:osKernelInitialize	4	static
../Core/Src/kernel.c:41:6:osKernelStart	8	static
../Core/Src/kernel.c:45:6:osCreateThread	24	static
../Core/Src/kernel.c:64:11:allocateStack	4	static
../Core/Src/kernel.c:75:6:SVC_Handler_Main	24	static,ignoring_inline_asm
../Core/Src/kernel.c:95:6:osSched	16	static,ignoring_inline_asm
../Core/Src/kernel.c:103:6:osYield	8	static
