../Core/Src/kernel.c:24:6:system_call3	4	static,ignoring_inline_asm
../Core/Src/kernel.c:28:6:system_call4	4	static,ignoring_inline_asm
../Core/Src/kernel.c:33:6:osKernelInitialize	4	static
../Core/Src/kernel.c:42:6:osKernelStart	8	static
../Core/Src/kernel.c:46:6:osCreateThread	32	static
../Core/Src/kernel.c:71:11:allocateStack	4	static
../Core/Src/kernel.c:81:6:SVC_Handler_Main	24	static,ignoring_inline_asm
../Core/Src/kernel.c:101:6:osSched	16	static,ignoring_inline_asm
../Core/Src/kernel.c:109:6:osYield	8	static
