../Core/Src/main.c:57:5:__io_putchar	16	static
../Core/Src/main.c:63:6:print_continuously	8	static
../Core/Src/main.c:69:6:print1	16	static
../Core/Src/main.c:78:6:print2	16	static
../Core/Src/main.c:87:6:thread_function	24	static
../Core/Src/main.c:97:6:jumpAssembly	16	static,ignoring_inline_asm
../Core/Src/main.c:115:5:main	16	static
../Core/Src/main.c:145:6:SystemClock_Config	88	static
../Core/Src/main.c:192:13:MX_USART2_UART_Init	8	static
../Core/Src/main.c:225:13:MX_GPIO_Init	48	static
../Core/Src/main.c:265:6:Error_Handler	4	static,ignoring_inline_asm
