../Core/Src/main.c:57:5:__io_putchar	16	static
../Core/Src/main.c:63:6:print_continuously	8	static
../Core/Src/main.c:69:6:print1	16	static
../Core/Src/main.c:78:6:print2	16	static
../Core/Src/main.c:88:6:jumpAssembly	16	static,ignoring_inline_asm
../Core/Src/main.c:106:5:main	8	static
../Core/Src/main.c:133:6:SystemClock_Config	88	static
../Core/Src/main.c:180:13:MX_USART2_UART_Init	8	static
../Core/Src/main.c:213:13:MX_GPIO_Init	48	static
../Core/Src/main.c:253:6:Error_Handler	4	static,ignoring_inline_asm
